// Jest Snapshot v1, https://goo.gl/fbAQLP

exports[`ScoreBoard renders correctly 1`] = `
<div>
  <div
    class="MuiPaper-root MuiPaper-elevation MuiPaper-rounded MuiPaper-elevation1 MuiTableContainer-root css-11xur9t-MuiPaper-root-MuiTableContainer-root"
    style="margin: 16px 0px;"
  >
    <table
      class="MuiTable-root css-rqglhn-MuiTable-root"
    >
      <thead
        class="MuiTableHead-root css-15wwp11-MuiTableHead-root"
      >
        <tr
          class="MuiTableRow-root MuiTableRow-head css-1q1u3t4-MuiTableRow-root"
        >
          <th
            class="MuiTableCell-root MuiTableCell-head MuiTableCell-sizeSmall css-1howxi1-MuiTableCell-root"
            scope="col"
          >
            ship
          </th>
          <th
            class="MuiTableCell-root MuiTableCell-head MuiTableCell-alignCenter MuiTableCell-sizeSmall css-12q85cb-MuiTableCell-root"
            scope="col"
          >
            size
          </th>
          <th
            class="MuiTableCell-root MuiTableCell-head MuiTableCell-alignCenter MuiTableCell-sizeSmall css-12q85cb-MuiTableCell-root"
            scope="col"
          >
            hits
          </th>
          <th
            class="MuiTableCell-root MuiTableCell-head MuiTableCell-alignCenter MuiTableCell-sizeSmall css-12q85cb-MuiTableCell-root"
            scope="col"
          >
            status
          </th>
        </tr>
      </thead>
      <tbody
        class="MuiTableBody-root css-apqrd9-MuiTableBody-root"
      >
        <tr
          class="MuiTableRow-root css-1q1u3t4-MuiTableRow-root"
        >
          <td
            class="MuiTableCell-root MuiTableCell-body MuiTableCell-sizeSmall css-dsuxgy-MuiTableCell-root"
          >
            Battleship
          </td>
          <td
            class="MuiTableCell-root MuiTableCell-body MuiTableCell-alignCenter MuiTableCell-sizeSmall css-vtdehq-MuiTableCell-root"
          >
            4
          </td>
          <td
            class="MuiTableCell-root MuiTableCell-body MuiTableCell-alignCenter MuiTableCell-sizeSmall css-vtdehq-MuiTableCell-root"
          >
            2
          </td>
          <td
            class="MuiTableCell-root MuiTableCell-body MuiTableCell-alignCenter MuiTableCell-sizeSmall css-vtdehq-MuiTableCell-root"
          >
            afloat
          </td>
        </tr>
        <tr
          class="MuiTableRow-root css-1q1u3t4-MuiTableRow-root"
        >
          <td
            class="MuiTableCell-root MuiTableCell-body MuiTableCell-sizeSmall css-dsuxgy-MuiTableCell-root"
          >
            Destroyer
          </td>
          <td
            class="MuiTableCell-root MuiTableCell-body MuiTableCell-alignCenter MuiTableCell-sizeSmall css-vtdehq-MuiTableCell-root"
          >
            3
          </td>
          <td
            class="MuiTableCell-root MuiTableCell-body MuiTableCell-alignCenter MuiTableCell-sizeSmall css-vtdehq-MuiTableCell-root"
          >
            3
          </td>
          <td
            class="MuiTableCell-root MuiTableCell-body MuiTableCell-alignCenter MuiTableCell-sizeSmall css-vtdehq-MuiTableCell-root"
          >
            sunk
          </td>
        </tr>
      </tbody>
    </table>
  </div>
</div>
`;
